1.安装git for windows
http://msysgit.github.io/
下载并安装

$ git config --global user.name "Your Name"
$ git config --global user.email "email@example.com"

设置用户名和邮箱，windows没有$

* 注意git config命令的--global参数，用了这个参数，表示你这台机器上所有的Git仓库都会使用这个配置，当然也可以对某个仓库指定不同的用户名和Email地址。

2.创建一个版本库，选择一个合适的地方，创建一个空目录：
$ mkdir learngit
$ cd learngit
$ pwd
/Users/michael/learngit

pwd命令用于显示当前目录

3.通过git init命令把这个目录变成Git可以管理的仓库
$ git init
Initialized empty Git repository in /Users/michael/learngit/.git/

4.把文件添加到仓库
$ git add readme.txt

* 可以一次添加多个文件

5.把文件提交到仓库
$ git commit -m "wrote a readme file"
[master (root-commit) cb926e7] wrote a readme file
 1 file changed, 2 insertions(+)
 create mode 100644 readme.txt

 * git commit命令，-m后面输入的是本次提交的说明，可以输入任意内容，当然最好是有意义的，这样你就能从历史记录里方便地找到改动记录。

 6.看看结果
$ git status
# On branch master
# Changes not staged for commit:
#   (use "git add <file>..." to update what will be committed)
#   (use "git checkout -- <file>..." to discard changes in working directory)
#
#   modified:   readme.txt
#
no changes added to commit (use "git add" and/or "git commit -a")

* git status命令可以让我们时刻掌握仓库当前的状态，上面的命令告诉我们，readme.txt被修改过了，但还没有准备提交的修改。

7.查看文件做了什么修改
$ git diff readme.txt
diff --git a/readme.txt b/readme.txt
index 46d49bf..9247db6 100644
--- a/readme.txt
+++ b/readme.txt
@@ -1,2 +1,2 @@
-Git is a version control system.
+Git is a distributed version control system.
 Git is free software.

8.查看历史
$ git log
commit 3628164fb26d48395383f8f31179f24e0882e1e0
Author: Michael Liao <askxuefeng@gmail.com>
Date:   Tue Aug 20 15:11:49 2013 +0800 
    append GPL

commit ea34578d5496d7dd233c827ed32a8cd576c5ee85
Author: Michael Liao <askxuefeng@gmail.com>
Date:   Tue Aug 20 14:53:12 2013 +0800 
add distributed

commit cb926e7ea50ad11b8f9e909c05226233bf755030
Author: Michael Liao <askxuefeng@gmail.com>
Date:   Mon Aug 19 17:51:55 2013 +0800 
    wrote a readme file

git log命令显示从最近到最远的提交日志

$ git log --pretty=oneline
3628164fb26d48395383f8f31179f24e0882e1e0 append GPL
ea34578d5496d7dd233c827ed32a8cd576c5ee85 add distributed
cb926e7ea50ad11b8f9e909c05226233bf755030 wrote a readme file

你看到的一大串类似“ 3628164...882e1e0”的是commit id（版本号）

9.回退到上一个版本
$ git reset --hard HEAD^
HEAD is now at ea34578 add distributed

Git必须知道当前版本是哪个版本，在Git中，用HEAD表示当前版本，也就是最新的提交“ 3628164...882e1e0”（注意我的提交ID和你的肯定不一样），上一个版本就是HEAD^，上上一个版本就是HEAD^^，当然往上100个版本写100个^比较容易数不过来，所以写成HEAD~100。

10.指定退回到某个版本
$ git reset --hard 3628164
HEAD is now at 3628164 append GPL

* 3628164是commit id 可以只写前几位，不用写全，但也不能太短

11.查看你的每一次命令
$ git reflog
ea34578 HEAD@{0}: reset: moving to HEAD^
3628164 HEAD@{1}: commit: append GPL
ea34578 HEAD@{2}: commit: add distributed
cb926e7 HEAD@{3}: commit (initial): wrote a readme file

12.用“git diff HEAD -- readme.txt”命令可以查看工作区和版本库里面最新版本的区别
$ git diff HEAD -- readme.txt
diff --git a/readme.txt b/readme.txt
index 76d770f..a9c5755 100644
--- a/readme.txt
+++ b/readme.txt
@@ -1,4 +1,4 @@
 Git is a distributed version control system.
 Git is free software distributed under the GPL.
 Git has a mutable index called stage.
-Git tracks changes.
+Git tracks changes of files.

13.撤销修改，没有add到暂存区
$ git checkout -- readme.txt
命令git checkout -- readme.txt意思就是，把readme.txt文件在工作区的修改全部撤销，这里有两种情况：

一种是readme.txt自修改后还没有被放到暂存区，现在，撤销修改就回到和版本库一模一样的状态；

一种是readme.txt已经添加到暂存区后，又作了修改，现在，撤销修改就回到添加到暂存区后的状态。

总之，就是让这个文件回到最近一次git commit或git add时的状态。

14.撤销修改，已经add到暂存区
$ git reset HEAD readme.txt
Unstaged changes after reset:
M       readme.txt

用命令git reset HEAD file可以把暂存区的修改撤销掉（unstage），重新放回工作区

15.删除文件
$ rm test.txt

16.连接github
$ ssh-keygen -t rsa -C "youremail@example.com"

第1步：创建SSH Key。在用户主目录下，看看有没有.ssh目录，如果有，再看看这个目录下有没有id_rsa和id_rsa.pub这两个文件，如果已经有了，可直接跳到下一步。如果没有，打开Shell（Windows下打开Git Bash），创建SSH Key：

你需要把邮件地址换成你自己的邮件地址，然后一路回车，使用默认值即可，由于这个Key也不是用于军事目的，所以也无需设置密码。

如果一切顺利的话，可以在用户主目录里找到.ssh目录，里面有id_rsa和id_rsa.pub两个文件，这两个就是SSH Key的秘钥对，id_rsa是私钥，不能泄露出去，id_rsa.pub是公钥，可以放心地告诉任何人。

第2步：登陆GitHub，打开“Account settings”，“SSH Keys”页面：

然后，点“Add SSH Key”，填上任意Title，在Key文本框里粘贴id_rsa.pub文件的内容：

17.创建远程库
现在的情景是，你已经在本地创建了一个Git仓库后，又想在GitHub创建一个Git仓库，并且让这两个仓库进行远程同步，这样，GitHub上的仓库既可以作为备份，又可以让其他人通过该仓库来协作，真是一举多得。

首先，登陆GitHub，然后，在右上角找到“Create a new repo”按钮，创建一个新的仓库：

github-create-repo-1

在Repository name填入learngit，其他保持默认设置，点击“Create repository”按钮，就成功地创建了一个新的Git仓库：

github-create-repo-2

目前，在GitHub上的这个learngit仓库还是空的，GitHub告诉我们，可以从这个仓库克隆出新的仓库，也可以把一个已有的本地仓库与之关联，然后，把本地仓库的内容推送到GitHub仓库。

18.关联远程库

$ git remote add origin git@github.com:michaelliao/learngit.git

下一步，就可以把本地库的所有内容推送到远程库上：

$ git push -u origin master
Counting objects: 19, done.
Delta compression using up to 4 threads.
Compressing objects: 100% (19/19), done.
Writing objects: 100% (19/19), 13.73 KiB, done.
Total 23 (delta 6), reused 0 (delta 0)
To git@github.com:michaelliao/learngit.git
 * [new branch]      master -> master
Branch master set up to track remote branch master from origin.

把本地库的内容推送到远程，用git push命令，实际上是把当前分支master推送到远程。

由于远程库是空的，我们第一次推送master分支时，加上了-u参数，Git不但会把本地的master分支内容推送的远程新的master分支，还会把本地的master分支和远程的master分支关联起来，在以后的推送或者拉取时就可以简化命令。

19.克隆远程到本地
$ git clone git@github.com:michaelliao/gitskills.git
Cloning into 'gitskills'...
remote: Counting objects: 3, done.
remote: Total 3 (delta 0), reused 0 (delta 0)
Receiving objects: 100% (3/3), done.

$ cd gitskills
$ ls
README.md

20.分支
首先，我们创建dev分支，然后切换到dev分支：

$ git checkout -b dev
Switched to a new branch 'dev'
git checkout命令加上-b参数表示创建并切换，相当于以下两条命令：

$ git branch dev
$ git checkout dev
Switched to branch 'dev'

然后，用git branch命令查看当前分支：

$ git branch
* dev
  master

现在，dev分支的工作完成，我们就可以切换回master分支：

$ git checkout master
Switched to branch 'master'

现在，我们把dev分支的工作成果合并到master分支上：

$ git merge dev
Updating d17efd8..fec145a
Fast-forward
 readme.txt |    1 +
 1 file changed, 1 insertion(+)

 注意到上面的Fast-forward信息，Git告诉我们，这次合并是“快进模式”，也就是直接把master指向dev的当前提交，所以合并速度非常快。

 合并完成后，就可以放心地删除dev分支了：

$ git branch -d dev
Deleted branch dev (was fec145a).
删除后，查看branch，就只剩下master分支了：

$ git branch
* master

21.合并冲突
git status也可以告诉我们冲突的文件：
$ git status
# On branch master
# Your branch is ahead of 'origin/master' by 2 commits.
#
# Unmerged paths:
#   (use "git add/rm <file>..." as appropriate to mark resolution)
#
#       both modified:      readme.txt
#
no changes added to commit (use "git add" and/or "git commit -a")

直接查看冲突文件并手动修改

再提交：

$ git add readme.txt
$ git commit -m "conflict fixed"
[master 59bc1cb] conflict fixed

用带参数的git log也可以看到分支的合并情况：

$ git log --graph --pretty=oneline --abbrev-commit
*   59bc1cb conflict fixed
|\
| * 75a857c AND simple
* | 400b400 & simple
|/
* fec145a branch test
...

22.禁用“Fast forward”模式
准备合并dev分支，请注意--no-ff参数，表示禁用“Fast forward”：

$ git merge --no-ff -m "merge with no-ff" dev
Merge made by the 'recursive' strategy.
 readme.txt |    1 +
 1 file changed, 1 insertion(+)
因为本次合并要创建一个新的commit，所以加上-m参数，把commit描述写进去。

合并后，我们用git log看看分支历史：

$ git log --graph --pretty=oneline --abbrev-commit
*   7825a50 merge with no-ff
|\
| * 6224937 add merge
|/
*   59bc1cb conflict fixed
...

软件开发中，bug就像家常便饭一样。有了bug就需要修复，在Git中，由于分支是如此的强大，所以，每个bug都可以通过一个新的临时分支来修复，修复后，合并分支，然后将临时分支删除。

当你接到一个修复一个代号101的bug的任务时，很自然地，你想创建一个分支issue -101来修复它，但是，等等，当前正在dev上进行的工作还没有提交：

$ git status
# On branch dev
# Changes to be committed:
#   (use "git reset HEAD <file>..." to unstage)
#
#       new file:   hello.py
#
# Changes not staged for commit:
#   (use "git add <file>..." to update what will be committed)
#   (use "git checkout -- <file>..." to discard changes in working directory)
#
#       modified:   readme.txt
#
并不是你不想提交，而是工作只进行到一半，还没法提交，预计完成还需1天时间。但是，必须在两个小时内修复该bug，怎么办？

幸好，Git还提供了一个stash功能，可以把当前工作现场“储藏”起来，等以后恢复现场后继续工作：

$ git stash
Saved working directory and index state WIP on dev: 6224937 add merge
HEAD is now at 6224937 add merge
现在，用git status查看工作区，就是干净的（除非有没有被Git管理的文件），因此可以放心地创建分支来修复bug。

首先确定要在哪个分支上修复bug，假定需要在master分支上修复，就从master创建临时分支：

$ git checkout master
Switched to branch 'master'
Your branch is ahead of 'origin/master' by 6 commits.
$ git checkout -b issue-101
Switched to a new branch 'issue-101'
现在修复bug，需要把“Git is free software ...”改为“Git is a free software ...”，然后提交：

$ git add readme.txt
$ git commit -m "fix bug 101"
[issue-101 cc17032] fix bug 101
 1 file changed, 1 insertion(+), 1 deletion(-)
修复完成后，切换到master分支，并完成合并，最后删除issue-101分支：

$ git checkout master
Switched to branch 'master'
Your branch is ahead of 'origin/master' by 2 commits.
$ git merge --no-ff -m "merged bug fix 101" issue-101
Merge made by the 'recursive' strategy.
 readme.txt |    2 +-
 1 file changed, 1 insertion(+), 1 deletion(-)
$ git branch -d issue-101
Deleted branch issue-101 (was cc17032).
太棒了，原计划两个小时的bug修复只花了5分钟！现在，是时候接着回到dev分支干活了！

$ git checkout dev
Switched to branch 'dev'
$ git status
# On branch dev
nothing to commit (working directory clean)
工作区是干净的，刚才的工作现场存到哪去了？用git stash list命令看看：

$ git stash list
stash@{0}: WIP on dev: 6224937 add merge
工作现场还在，Git把stash内容存在某个地方了，但是需要恢复一下，有两个办法：

一是用git stash apply恢复，但是恢复后，stash内容并不删除，你需要用git stash drop来删除；

另一种方式是用git stash pop，恢复的同时把stash内容也删了：

$ git stash pop
# On branch dev
# Changes to be committed:
#   (use "git reset HEAD <file>..." to unstage)
#
#       new file:   hello.py
#
# Changes not staged for commit:
#   (use "git add <file>..." to update what will be committed)
#   (use "git checkout -- <file>..." to discard changes in working directory)
#
#       modified:   readme.txt
#
Dropped refs/stash@{0} (f624f8e5f082f2df2bed8a4e09c12fd2943bdd40)
再用git stash list查看，就看不到任何stash内容了：

$ git stash list
你可以多次stash，恢复的时候，先用git stash list查看，然后恢复指定的stash，用命令：

$ git stash apply stash@{0}


23.Feature分支
软件开发中，总有无穷无尽的新的功能要不断添加进来。

添加一个新功能时，你肯定不希望因为一些实验性质的代码，把主分支搞乱了，所以，每添加一个新功能，最好新建一个feature分支，在上面开发，完成后，合并，最后，删除该feature分支。

现在，你终于接到了一个新任务：开发代号为Vulcan的新功能，该功能计划用于下一代星际飞船。

于是准备开发：

$ git checkout -b feature-vulcan
Switched to a new branch 'feature-vulcan'
5分钟后，开发完毕：

$ git status
# On branch feature-vulcan
# Changes to be committed:
#   (use "git reset HEAD <file>..." to unstage)
#
#       new file:   vulcan.py
#
$ git add vulcan.py
$ git commit -m "add feature vulcan"
[feature-vulcan 756d4af] add feature vulcan
 1 file changed, 2 insertions(+)
 create mode 100644 vulcan.py
切回dev，准备合并：

$ git checkout dev
一切顺利的话，feature分支和bug分支是类似的，合并，然后删除。

但是，

就在此时，接到上级命令，因经费不足，新功能必须取消！

虽然白干了，但是这个分支还是必须就地销毁：

$ git branch -d feature-vulcan
error: The branch 'feature-vulcan' is not fully merged.
If you are sure you want to delete it, run 'git branch -D feature-vulcan'.
销毁失败。Git友情提醒，feature-vulcan分支还没有被合并，如果删除，将丢失掉修改，如果要强行删除，需要使用命令git branch -D feature-vulcan。

现在我们强行删除：

$ git branch -D feature-vulcan
Deleted branch feature-vulcan (was 756d4af).